
> MedTracker@0.0.1 test
> jest

node.exe : PASS src/shared/lib/__tests__/
circadian-utils.test.ts
At line:1 char:1
+ & "C:\Program Files\nodejs/node.exe" 
"C:\Program Files\nodejs/node_mo ...
+ ~~~~~~~~~~~~~~~~~~~~~~~~~~~~~~~~~~~~~~~
~~~~~~~~~~~~~~~~~~~~~~~~~~~~~~
    + CategoryInfo          : NotSpecifi 
   ed: (PASS src/shared...n-utils.test.  
  ts:String) [], RemoteException
    + FullyQualifiedErrorId : NativeComm 
   andError
 
PASS src/shared/config/__tests__/typograp
hy-scale.test.ts
PASS src/shared/lib/__tests__/greeting-ut
ils.test.ts
PASS src/features/export-pdf/__tests__/ge
nerate-bp-chart-svg.test.ts
PASS src/entities/user-profile/__tests__/
lib.test.ts
PASS src/features/export-pdf/__tests__/ge
nerate-report-html.test.ts
PASS src/entities/blood-pressure/__tests_
_/circadian-classification.test.ts
  ΓùÅ Console

    console.info
      ≡ƒîÉ i18next is maintained with 
support from Locize ΓÇö consider 
powering your project with managed 
localization (AI, CDN, integrations): 
https://locize.com ≡ƒÆÖ

      at I18n.init (node_modules/i18next/
dist/cjs/i18next.js:1764:90)

PASS src/features/export-pdf/__tests__/co
mpute-report-stats.test.ts
  ΓùÅ Console

    console.info
      ≡ƒîÉ i18next is maintained with 
support from Locize ΓÇö consider 
powering your project with managed 
localization (AI, CDN, integrations): 
https://locize.com ≡ƒÆÖ

      at I18n.init (node_modules/i18next/
dist/cjs/i18next.js:1764:90)

PASS src/shared/lib/__tests__/index-utils
.test.ts
PASS src/entities/blood-pressure/__tests_
_/lib.test.ts
  ΓùÅ Console

    console.info
      ≡ƒîÉ i18next is maintained with 
support from Locize ΓÇö consider 
powering your project with managed 
localization (AI, CDN, integrations): 
https://locize.com ≡ƒÆÖ

      at I18n.init (node_modules/i18next/
dist/cjs/i18next.js:1764:90)

PASS __tests__/App.test.tsx

Test Suites: 11 passed, 11 total
Tests:       172 passed, 172 total
Snapshots:   0 total
Time:        2.174 s, estimated 3 s
Ran all test suites.
